// Jest Snapshot v1, https://goo.gl/fbAQLP

exports[`createPlanet Should fail to create a new Planet 1`] = `[Error: Error while creating a new planet]`;
