// Jest Snapshot v1, https://goo.gl/fbAQLP

exports[`getMaximumPrecipitationPredictionInRangeOfDays should fail to retreive the max precipitation prediction 1`] = `[Error: Error while determining Max precipitation day]`;

exports[`getWeatherPrediction should fail to get the weather prediction as it is not found 1`] = `[Error: Weather prediction not found]`;
